C:\Users\Omar_PC\Documents\MCUXpressoIDE_11.8.0_1165\workspace\frdmk64f_lwip_mqtt_freertos\drivers/fsl_gpio.h:191:20:GPIO_PortSet	16	static
C:\Users\Omar_PC\Documents\MCUXpressoIDE_11.8.0_1165\workspace\frdmk64f_lwip_mqtt_freertos\drivers/fsl_gpio.h:206:20:GPIO_PortClear	16	static
../source/lwip_mqtt_freertos.c:184:13:mqtt_topic_subscribed_cb	24	static
../source/lwip_mqtt_freertos.c:201:13:mqtt_incoming_publish_cb	24	static
../source/lwip_mqtt_freertos.c:211:13:mqtt_incoming_data_cb	32	static
../source/lwip_mqtt_freertos.c:238:13:mqtt_subscribe_topics	56	static
../source/lwip_mqtt_freertos.c:269:13:mqtt_connection_cb	32	static
../source/lwip_mqtt_freertos.c:315:13:connect_to_mqtt	24	static
../source/lwip_mqtt_freertos.c:328:13:mqtt_message_published_cb	24	static
../source/lwip_mqtt_freertos.c:345:13:publish_message	48	static
../source/lwip_mqtt_freertos.c:360:13:app_thread	56	static
../source/lwip_mqtt_freertos.c:498:13:generate_client_id	48	static
../source/lwip_mqtt_freertos.c:521:13:stack_init	56	static
../source/lwip_mqtt_freertos.c:574:5:main	24	static
../source/lwip_mqtt_freertos.c:595:6:xtimer_sensor_callback	16	static
../source/lwip_mqtt_freertos.c:600:6:xtimer_mic_callback	16	static
