C:\Users\Omar_PC\Documents\MCUXpressoIDE_11.8.0_1165\workspace\frdmk64f_lwip_mqtt_freertos\drivers/fsl_gpio.h:191:20:GPIO_PortSet	16	static
C:\Users\Omar_PC\Documents\MCUXpressoIDE_11.8.0_1165\workspace\frdmk64f_lwip_mqtt_freertos\drivers/fsl_gpio.h:206:20:GPIO_PortClear	16	static
C:\Users\Omar_PC\Documents\MCUXpressoIDE_11.8.0_1165\workspace\frdmk64f_lwip_mqtt_freertos\drivers/fsl_gpio.h:221:20:GPIO_PortToggle	16	static
../source/lwip_mqtt_freertos.c:196:13:mqtt_topic_subscribed_cb	24	static
../source/lwip_mqtt_freertos.c:213:13:mqtt_incoming_publish_cb	24	static
../source/lwip_mqtt_freertos.c:223:13:mqtt_incoming_data_cb	32	static
../source/lwip_mqtt_freertos.c:281:13:mqtt_subscribe_topics	56	static
../source/lwip_mqtt_freertos.c:312:13:mqtt_connection_cb	32	static
../source/lwip_mqtt_freertos.c:358:13:connect_to_mqtt	24	static
../source/lwip_mqtt_freertos.c:371:13:mqtt_message_published_cb	24	static
../source/lwip_mqtt_freertos.c:388:13:publish_message	48	static
../source/lwip_mqtt_freertos.c:403:13:app_thread	56	static
../source/lwip_mqtt_freertos.c:576:13:generate_client_id	48	static
../source/lwip_mqtt_freertos.c:599:13:stack_init	56	static
../source/lwip_mqtt_freertos.c:656:5:main	24	static
../source/lwip_mqtt_freertos.c:689:6:generate_random_values	8	static
../source/lwip_mqtt_freertos.c:698:6:generate_mic_values	16	static
../source/lwip_mqtt_freertos.c:705:6:publish_hum	40	static
../source/lwip_mqtt_freertos.c:718:6:publish_temp	40	static
../source/lwip_mqtt_freertos.c:731:6:publish_honey	40	static
../source/lwip_mqtt_freertos.c:744:6:publish_sound	40	static
../source/lwip_mqtt_freertos.c:757:6:xtimer_sensor_callback	16	static
../source/lwip_mqtt_freertos.c:762:6:xtimer_mic_callback	16	static
