C:\Users\Omar_PC\Documents\MCUXpressoIDE_11.8.0_1165\workspace\frdmk64f_lwip_mqtt_freertos\drivers/fsl_gpio.h:191:20:GPIO_PortSet	16	static
C:\Users\Omar_PC\Documents\MCUXpressoIDE_11.8.0_1165\workspace\frdmk64f_lwip_mqtt_freertos\drivers/fsl_gpio.h:206:20:GPIO_PortClear	16	static
C:\Users\Omar_PC\Documents\MCUXpressoIDE_11.8.0_1165\workspace\frdmk64f_lwip_mqtt_freertos\drivers/fsl_gpio.h:221:20:GPIO_PortToggle	16	static
../source/lwip_mqtt_freertos.c:194:13:mqtt_topic_subscribed_cb	24	static
../source/lwip_mqtt_freertos.c:211:13:mqtt_incoming_publish_cb	24	static
../source/lwip_mqtt_freertos.c:221:13:mqtt_incoming_data_cb	32	static
../source/lwip_mqtt_freertos.c:279:13:mqtt_subscribe_topics	56	static
../source/lwip_mqtt_freertos.c:310:13:mqtt_connection_cb	32	static
../source/lwip_mqtt_freertos.c:356:13:connect_to_mqtt	24	static
../source/lwip_mqtt_freertos.c:369:13:mqtt_message_published_cb	24	static
../source/lwip_mqtt_freertos.c:386:13:publish_message	48	static
../source/lwip_mqtt_freertos.c:401:13:app_thread	56	static
../source/lwip_mqtt_freertos.c:571:13:generate_client_id	48	static
../source/lwip_mqtt_freertos.c:594:13:stack_init	56	static
../source/lwip_mqtt_freertos.c:651:5:main	24	static
../source/lwip_mqtt_freertos.c:685:6:generate_random_values	8	static
../source/lwip_mqtt_freertos.c:697:6:generate_mic_values	16	static
../source/lwip_mqtt_freertos.c:704:6:publish_hum	40	static
../source/lwip_mqtt_freertos.c:717:6:publish_temp	40	static
../source/lwip_mqtt_freertos.c:730:6:publish_honey	40	static
../source/lwip_mqtt_freertos.c:743:6:publish_sound	40	static
../source/lwip_mqtt_freertos.c:756:6:xtimer_sensor_callback	16	static
../source/lwip_mqtt_freertos.c:761:6:xtimer_mic_callback	16	static
